// Jest Snapshot v1, https://goo.gl/fbAQLP

exports[`ProfilePage matches snapshot 1`] = `
Array [
  <h1
    id="pageTitle"
    style={
      Object {
        "textAlign": "center",
      }
    }
  >
    User Profile Page
  </h1>,
  <div>
    <div>
      <div
        className="infoDiv"
        id="avatarImageDiv"
        style={
          Object {
            "backgroundImage": "url(images/defaultAvatar.jpeg)",
          }
        }
      />
      <div
        className="infoDiv"
        id="usernameDiv"
      >
        <span
          style={
            Object {
              "color": "blue",
            }
          }
        >
           Username: 
        </span>
         
        john
      </div>
      <div
        className="infoDiv"
        id="registrationDiv"
      >
        <span
          style={
            Object {
              "color": "blue",
            }
          }
        >
           Registration Date: 
        </span>
         
        11/08/2020
      </div>
    </div>
    <br />
    <br />
    <div
      className="infoDiv"
    >
      <input
        id="passwordChangeInput"
        onKeyDown={[Function]}
        placeholder="Change your password"
        type="password"
      />
      <button
        className="infoDiv"
        onClick={[Function]}
        type="button"
      >
        Change
      </button>
    </div>
    <br />
    <br />
    <br />
    <div
      className="infoDiv"
    >
      <button
        className="infoDiv"
        onClick={[Function]}
        style={
          Object {
            "color": "red",
            "margin": "auto",
            "textAlign": "center",
          }
        }
        type="button"
      >
        Deactivate Account
      </button>
    </div>
  </div>,
]
`;
